{"identity":[{"identity":1,"missing":0,"sample_name":"urn:wtsi:249441_F11_HELIC5102138","genotypes":{"rs6557634":["CT","CT"],"rs6759892":["GT","GT"],"rs753381":["AG","AG"],"rs7627615":["GA","AG"],"rs6166":["AG","AG"],"rs8065080":["CT","CT"],"rs4075254":["CT","CT"],"rs4925":["AC","AC"],"rs1805087":["AG","AG"],"rs532841":["CT","CT"],"rs2286963":["GT","GT"],"rs2247870":["CT","CT"],"rs649058":["AG","AG"],"rs2241714":["CT","AG"],"rs3742207":["AC","AC"],"rs3795677":["AG","AG"],"rs7298565":["AG","AG"],"rs5215":["CT","CT"],"rs4619":["AG","AG"],"rs4843075":["AG","AG"]},"failed":"0","omitted":0},{"identity":0,"missing":0,"sample_name":"urn:wtsi:249442_C09_HELIC5102247","genotypes":{"rs6557634":["TT","CT"],"rs6759892":["TT","GT"],"rs753381":["GG","AG"],"rs7627615":["GG","AG"],"rs6166":["GG","AG"],"rs8065080":["TT","CT"],"rs4075254":["TT","CT"],"rs4925":["CC","AC"],"rs1805087":["GG","AG"],"rs532841":["TT","CT"],"rs2286963":["TT","GT"],"rs2247870":["TT","CT"],"rs649058":["GG","AG"],"rs2241714":["TT","AG"],"rs3742207":["CC","AC"],"rs3795677":["GG","AG"],"rs7298565":["GG","AG"],"rs5215":["TT","CT"],"rs4619":["GG","AG"],"rs4843075":["GG","AG"]},"failed":"1","omitted":0},{"identity":0.5,"missing":0,"sample_name":"urn:wtsi:249461_G12_HELIC5215300","genotypes":{"rs6557634":["CT","CT"],"rs6759892":["GT","GT"],"rs753381":["AG","AG"],"rs7627615":["GA","AG"],"rs6166":["GA","AG"],"rs8065080":["CT","CT"],"rs4075254":["CT","NN"],"rs4925":["AA","NN"],"rs1805087":["AA","NN"],"rs532841":["CT","CT"],"rs2286963":["GT","NN"],"rs2247870":["TT","NN"],"rs649058":["GA","AG"],"rs2241714":["GA","NN"],"rs3742207":["AC","NN"],"rs3795677":["TT","NN"],"rs7298565":["GA","AG"],"rs5215":["CT","CT"],"rs4619":["AG","NN"],"rs4843075":["GA","NN"]},"failed":"1","omitted":0},{"identity":null,"missing":1,"sample_name":"urn:wtsi:000000_A00_DUMMY-SAMPLE","genotypes":{},"failed":null,"omitted":0},{"identity":null,"missing":1,"sample_name":"urn:wtsi:249469_H06_HELIC5274668","genotypes":{},"failed":null,"omitted":0},{"identity":null,"missing":1,"sample_name":"urn:wtsi:249470_F02_HELIC5274730","genotypes":{},"failed":null,"omitted":0}],"swap":[["urn:wtsi:249461_G12_HELIC5215300","urn:wtsi:249442_C09_HELIC5102247",0.8,0]]}